******************************************************************************
                  TI ARM Linker PC v20.2.1                     
******************************************************************************
>> Linked Wed Jun 24 16:25:23 2020

OUTPUT FILE NAME:   <02_MainBoard.out>
ENTRY POINT SYMBOL: "_c_int00"  address: 00010ea1


MEMORY CONFIGURATION

         name            origin    length      used     unused   attr    fill
----------------------  --------  ---------  --------  --------  ----  --------
  MAIN                  00000000   00040000  0001926f  00026d91  R  X
  INFO                  00200000   00004000  00000000  00004000  R  X
  SRAM_CODE             01000000   00010000  0000bb2f  000044d1  RW X
  SRAM_DATA             20000000   00010000  0000bb2f  000044d1  RW  


SEGMENT ALLOCATION MAP

run origin  load origin   length   init length attrs members
----------  ----------- ---------- ----------- ----- -------
00000000    00000000    00019280   00019280    r-x
  00000000    00000000    0000003c   0000003c    r-- .resetVecs
  00000040    00000040    00015692   00015692    r-x .text
  000156d8    000156d8    00003699   00003699    r-- .const
  00018d74    00018d74    00000010   00000010    r-- .init_array
  00018d88    00018d88    000004f8   000004f8    r-- .cinit
20000140    20000140    00008000   00000000    r--
  20000140    20000140    00008000   00000000    r-- .priheap
20008180    20008180    000035ef   00000000    rw-
  20008180    20008180    00002730   00000000    rw- .bss
  2000a8b0    2000a8b0    00000ebf   00000000    rw- .data
2000fc00    2000fc00    00000400   00000000    rw-
  2000fc00    2000fc00    00000400   00000000    rw- .stack


SECTION ALLOCATION MAP

 output                                  attributes/
section   page    origin      length       input sections
--------  ----  ----------  ----------   ----------------
.text      0    00000040    00015692     
                  00000040    00000ebe     EnergiaCoreMSP432.lib : WString.obj (.text)
                  00000efe    00000002     drivers_msp432p401x.aem4f : PWMTimerMSP432.oem4f (.text:PWMTimerMSP432_init)
                  00000f00    00000a4e     rtsv7M4_T_le_v4SPD16_eabi.lib : _printfi.c.obj (.text:__TI_printfi)
                  0000194e    00000002     dpl_msp432p401x.aem4f : PowerMSP432_tirtos.oem4f (.text:PowerMSP432_initPolicy)
                  00001950    000009c0     rtsv7M4_T_le_v4SPD16_eabi.lib : e_pow.c.obj (.text:pow)
                  00002310    000006a8     EnergiaCoreMSP432.lib : HardwareSerial.obj (.text)
                  000029b8    000004d8                           : Print.obj (.text)
                  00002e90    000004c8                           : Stream.obj (.text)
                  00003358    000004c8     ConnService.obj (.text:_ZN11ConnService16msrDataSerializeEP14ProtoMsrData_tPhjbb)
                  00003820    000004c5     sysbios.aem4f : BIOS.obj (.text:xdc_runtime_System_doPrint__I)
                  00003ce5    00000001     --HOLE-- [fill = 0]
                  00003ce6    00000002     drivers_msp432p401x.aem4f : UARTMSP432.oem4f (.text:UARTMSP432_init)
                  00003ce8    0000047c     EnergiaCoreMSP432.lib : wiring_analog.obj (.text)
                  00004164    00000004     msp432p4xx_driverlib.lib : cpu.o (.text:CPU_wfi)
                  00004168    00000430     sysbios.aem4f : BIOS.obj (.text:ti_sysbios_family_arm_m3_Hwi_excDumpRegs__I)
                  00004598    000003a2     TinyGPS++.obj (.text:_ZN11TinyGPSPlus16endOfTermHandlerEv)
                  0000493a    00000002     rtsv7M4_T_le_v4SPD16_eabi.lib : stdlib_typeinfo.cpp.obj (.text:_ZNSt9type_infoD1Ev)
                  0000493c    00000384     ConnService.obj (.text:_ZN13TinyGsmSim80012waitResponseEjR6StringPKcS3_S3_S3_S3_)
                  00004cc0    000002f8     drivers_msp432p401x.aem4f : PowerMSP432.oem4f (.text:Power_sleep)
                  00004fb8    000002ec     sysbios.aem4f : BIOS.obj (.text:ti_sysbios_knl_Semaphore_pend__E)
                  000052a4    000002dc     ConnService.obj (.text:_ZN13TinyGsmSim80011gprsConnectEPKcS1_S1_)
                  00005580    000002d0     drivers_msp432p401x.aem4f : UARTMSP432.oem4f (.text:UARTMSP432_open)
                  00005850    000002b6     MainBoard.obj (.text:_ZN9MainBoard4initEv)
                  00005b06    00000002     rtsv7M4_T_le_v4SPD16_eabi.lib : _lock.c.obj (.text:_nop)
                  00005b08    000002a8     Airio.obj (.text:_Z4loopv)
                  00005db0    000002a0     rtsv7M4_T_le_v4SPD16_eabi.lib : mktime.c.obj (.text:__mktime32)
                  00006050    00000298     sysbios.aem4f : BIOS.obj (.text:ti_sysbios_knl_Task_Instance_finalize__E)
                  000062e8    0000028a     msp432p4xx_driverlib.lib : pcm.o (.text:__PCM_setPowerStateAdvanced)
                  00006572    00000002     rtsv7M4_T_le_v4SPD16_eabi.lib : div0.asm.obj (.text)
                  00006574    00000288     drivers_msp432p401x.aem4f : PowerMSP432.oem4f (.text:initPerfControl)
                  000067fc    00000270     rtsv7M4_T_le_v4SPD16_eabi.lib : _printfi.c.obj (.text:_pconv_a)
                  00006a6c    00000004     dpl_msp432p401x.aem4f : ClockP_tirtos.oem4f (.text:ClockP_setTimeout)
                  00006a70    00000248     sysbios.aem4f : BIOS.obj (.text:ti_sysbios_heaps_HeapMem_freeUnprotected__E)
                  00006cb8    00000240     EnergiaCoreMSP432.lib : wiring.obj (.text)
                  00006ef8    00000240     SerialTransfer.obj (.text:_ZN14SerialTransfer9availableEv)
                  00007138    00000230     ConnService.obj (.text:_ZN11ConnService14httpPostBinaryEPKcPhjR6String)
                  00007368    00000230     ConnService.obj (.text:_ZN11ConnService5beginEv)
                  00007598    00000220     ConnService.obj (.text:_ZN11ConnService7httpGetEPKcRiR6StringRj)
                  000077b8    00000214     sysbios.aem4f : BIOS.obj (.text:ti_sysbios_knl_Task_sleep__E)
                  000079cc    00000208     drivers_msp432p401x.aem4f : PWMTimerMSP432.oem4f (.text:PWMTimerMSP432_open)
                  00007bd4    00000004     dpl_msp432p401x.aem4f : ClockP_tirtos.oem4f (.text:ClockP_start)
                  00007bd8    00000200     sysbios.aem4f : BIOS.obj (.text:ti_sysbios_heaps_HeapMem_allocUnprotected__E)
                  00007dd8    000001f8     debug_pem4f.oem4f (.text:xdc_runtime_System_printfExtend__I)
                  00007fd0    000001f4     sysbios.aem4f : BIOS.obj (.text:ti_sysbios_family_arm_m3_Hwi_excHandlerMax__I)
                  000081c4    00000004     dpl_msp432p401x.aem4f : ClockP_tirtos.oem4f (.text:ClockP_stop)
                  000081c8    000001ec     sysbios.aem4f : BIOS.obj (.text:ti_sysbios_knl_Task_Instance_init__E)
                  000083b4    000001d0     rtsv7M4_T_le_v4SPD16_eabi.lib : _printfi.c.obj (.text:_pconv_g)
                  00008584    000001cf     HttpClient.obj (.text:_ZN10HttpClient12startRequestEPKcS1_S1_iPKh)
                  00008753    00000001     --HOLE-- [fill = 0]
                  00008754    000001b6     rtsv7M4_T_le_v4SPD16_eabi.lib : fd_add_t2.asm.obj (.text)
                  0000890a    00000002     debug_pem4f.oem4f (.text:ti_sysbios_BIOS_nullFunc__I)
                  0000890c    000001a0     EnergiaCoreMSP432.lib : Board_init.obj (.text)
                  00008aac    00000192                           : itoa.obj (.text)
                  00008c3e    00000002     debug_pem4f.oem4f (.text:ti_uia_loggers_LoggerStopMode_setFilterLevel__E)
                  00008c40    00000180     sysbios.aem4f : BIOS.obj (.text:ti_sysbios_family_arm_m3_Hwi_excBusFault__I)
                  00008dc0    00000178                   : BIOS.obj (.text:ti_sysbios_family_arm_m3_Hwi_excUsageFault__I)
                  00008f38    00000170     drivers_msp432p401x.aem4f : GPIOMSP432.oem4f (.text:GPIO_setConfig)
                  000090a8    00000168     EnergiaCoreMSP432.lib : IPAddress.obj (.text)
                  00009210    00000160     HttpClient.obj (.text:_ZN10HttpClient10readHeaderEv)
                  00009370    00000160     msp432p4xx_driverlib.lib : adc14.o (.text:_getIndexForMemRegister)
                  000094d0    00000160     sysbios.aem4f : BIOS.obj (.text:ti_sysbios_heaps_HeapTrack_free__E)
                  00009630    0000015c     msp432p4xx_driverlib.lib : pcm.o (.text:__PCM_setPowerModeAdvanced)
                  0000978c    00000004     dpl_msp432p401x.aem4f : HwiP_tirtos.oem4f (.text:HwiP_disable)
                  00009790    0000015c     sysbios.aem4f : BIOS.obj (.text:ti_sysbios_family_arm_m3_Hwi_excMemFault__I)
                  000098ec    00000158     rtsv7M4_T_le_v4SPD16_eabi.lib : e_sqrt.c.obj (.text:sqrt)
                  00009a44    00000156     HttpClient.obj (.text:_ZN10HttpClient18responseStatusCodeEv)
                  00009b9a    00000002     ti.uia.loggers.aem4f : LoggerStopMode.oem4f (.text:ti_uia_loggers_LoggerStopMode_setPriority__E)
                  00009b9c    00000148     ConnService.obj (.text:_ZN13TinyGsmSim8009modemReadEjh)
                  00009ce4    00000004     dpl_msp432p401x.aem4f : SemaphoreP_tirtos.oem4f (.text:SemaphoreP_post)
                  00009ce8    00000148     sysbios.aem4f : BIOS.obj (.text:ti_sysbios_family_arm_msp432_Seconds_set__E)
                  00009e30    00000144                   : BIOS.obj (.text:ti_sysbios_knl_Clock_workFunc__E)
                  00009f74    00000004     drivers_msp432p401x.aem4f : WatchdogMSP432.oem4f (.text:WatchdogMSP432_convertMsToTicks)
                  00009f78    00000140     sysbios.aem4f : BIOS.obj (.text:ti_sysbios_family_arm_m3_Hwi_dispatchC__I)
                  0000a0b8    0000013e     debug_pem4f.oem4f (.text:ti_uia_loggers_LoggerStopMode_writeMemoryRange__E)
                  0000a1f6    00000002     --HOLE-- [fill = 0]
                  0000a1f8    0000013c     EnergiaCoreMSP432.lib : wiring_digital.obj (.text)
                  0000a334    0000013c     rtsv7M4_T_le_v4SPD16_eabi.lib : _printfi.c.obj (.text:_pconv_e)
                  0000a470    0000013c     sysbios.aem4f : BIOS.obj (.text:ti_sysbios_heaps_HeapMem_Instance_init__E)
                  0000a5ac    00000004     rtsv7M4_T_le_v4SPD16_eabi.lib : typeinfo.c.obj (.text:_ZN10__cxxabiv117__class_type_infoD1Ev)
                  0000a5b0    0000013c     sysbios.aem4f : BIOS.obj (.text:ti_sysbios_knl_Semaphore_post__E)
                  0000a6ec    00000004     rtsv7M4_T_le_v4SPD16_eabi.lib : typeinfo.c.obj (.text:_ZN10__cxxabiv120__si_class_type_infoD1Ev)
                  0000a6f0    0000013c     sysbios.aem4f : BIOS.obj (.text:xdc_runtime_Core_createObject__I)
                  0000a82c    00000136     rtsv7M4_T_le_v4SPD16_eabi.lib : fd_div_t2.asm.obj (.text)
                  0000a962    00000002     --HOLE-- [fill = 0]
                  0000a964    00000130                                   : strtol.c.obj (.text:strtol)
                  0000aa94    00000124                                   : _printfi.c.obj (.text:fcvt)
                  0000abb8    00000124     sysbios.aem4f : BIOS.obj (.text:ti_sysbios_knl_Swi_run__I)
                  0000acdc    00000004     rtsv7M4_T_le_v4SPD16_eabi.lib : new.cpp.obj (.text:_ZdlPvj)
                  0000ace0    00000120     sysbios.aem4f : BIOS.obj (.text:xdc_runtime_Startup_startMods__I)
                  0000ae00    0000011c     msp432p4xx_driverlib.lib : uart.o (.text:UART_initModule)
                  0000af1c    0000011c     HttpClient.obj (.text:_ZN10HttpClient18sendInitialHeadersEPKcS1_)
                  0000b038    0000011c     sysbios.aem4f : BIOS.obj (.text:ti_sysbios_knl_Clock_Instance_init__E)
                  0000b154    00000004     rtsv7M4_T_le_v4SPD16_eabi.lib : exit.c.obj (.text:abort:abort)
                  0000b158    00000118     sysbios.aem4f : BIOS.obj (.text:ti_sysbios_knl_Task_postInit__I)
                  0000b270    00000114     EnergiaCoreMSP432.lib : SerialObjects.obj (.text)
                  0000b384    00000110     rtsv7M4_T_le_v4SPD16_eabi.lib : s_scalbn.c.obj (.text:scalbn)
                  0000b494    00000004     debug_pem4f.oem4f (.text:ti_sysbios_BIOS_RtsGateProxy_enter__E)
                  0000b498    00000110     sysbios.aem4f : BIOS.obj (.text:xdc_runtime_Error_policyDefault__E)
                  0000b5a8    0000010c     debug_pem4f.oem4f (.text:ti_uia_loggers_LoggerStopMode_write8__E)
                  0000b6b4    00000108     TinyGPS++.obj (.text:_ZN11TinyGPSPlus6encodeEc)
                  0000b7bc    00000108     msp432p4xx_driverlib.lib : pcm.o (.text:__PCM_setCoreVoltageLevelAdvanced)
                  0000b8c4    00000004     debug_pem4f.oem4f (.text:ti_sysbios_BIOS_RtsGateProxy_leave__E)
                  0000b8c8    00000104     sysbios.aem4f : BIOS.obj (.text:xdc_runtime_Core_constructObject__I)
                  0000b9cc    000000fc     drivers_msp432p401x.aem4f : ADCMSP432.oem4f (.text:ADCMSP432_convert)
                  0000bac8    000000fc     rtsv7M4_T_le_v4SPD16_eabi.lib : fd_mul_t2.asm.obj (.text)
                  0000bbc4    00000004     debug_pem4f.oem4f (.text:ti_sysbios_family_arm_m3_Hwi_delete)
                  0000bbc8    000000f8     sysbios.aem4f : BIOS.obj (.text:ti_sysbios_family_arm_msp432_init_Boot_configureClocksHigh)
                  0000bcc0    000000f4     debug_pem4f.oem4f (.text:ti_uia_loggers_LoggerStopMode_write4__E)
                  0000bdb4    000000f0     sysbios.aem4f : m3_Hwi_asm.obj (.text:ti_sysbios_family_arm_m3_Hwi_dispatch__I)
                  0000bea4    000000e8     debug_pem4f.oem4f (.text:ti_uia_loggers_LoggerStopMode_write2__E)
                  0000bf8c    000000e4     msp432p4xx_driverlib.lib : cs.o (.text:CS_startHFXTWithTimeout)
                  0000c070    000000e4     HttpClient.obj (.text:_ZN10HttpClient9availableEv)
                  0000c154    000000e4     debug_pem4f.oem4f (.text:ti_uia_loggers_LoggerStopMode_write1__E)
                  0000c238    000000e0     msp432p4xx_driverlib.lib : cs.o (.text:CS_startLFXTWithTimeout)
                  0000c318    000000e0     ConnService.obj (.text:_ZN11ConnService15sendMsrDataSendEP14ProtoMsrData_tb)
                  0000c3f8    000000dc     msp432p4xx_driverlib.lib : cs.o (.text:_CSGetHFXTFrequency)
                  0000c4d4    000000d8     debug_pem4f.oem4f (.text:ti_uia_loggers_LoggerStopMode_write0__E)
                  0000c5ac    000000d4     ConnService.obj (.text:_ZN13TinyGsmSim80012getModemInfoEv)
                  0000c680    000000d0     ConnService.obj (.text:_ZN13TinyGsmSim8009GsmClient4readEPhj)
                  0000c750    000000d0     sysbios.aem4f : BIOS.obj (.text:ti_sysbios_family_arm_m3_Hwi_excDebugMon__I)
                  0000c820    000000d0                   : BIOS.obj (.text:ti_sysbios_family_arm_m3_Hwi_excHardFault__I)
                  0000c8f0    000000d0                   : BIOS.obj (.text:ti_sysbios_knl_Task_schedule__I)
                  0000c9c0    000000ca     drivers_msp432p401x.aem4f : UARTMSP432.oem4f (.text:UARTMSP432_hwiIntFxn)
                  0000ca8a    00000002     --HOLE-- [fill = 0]
                  0000ca8c    000000c8     ConnService.obj (.text:_ZN13TinyGsmSim80012modemConnectEPKcthbi)
                  0000cb54    00000004     debug_pem4f.oem4f (.text:ti_sysbios_family_arm_m3_TaskSupport_Module__startupDone__S)
                  0000cb58    000000c8     sysbios.aem4f : BIOS.obj (.text:ti_sysbios_knl_Task_exit__E)
                  0000cc20    000000c0     ConnService.obj (.text:_ZN13TinyGsmSim8009modemSendEPKvjh)
                  0000cce0    000000bc     ConnService.obj (.text:_ZN13TinyGsmSim80012getSimStatusEm)
                  0000cd9c    000000bc     MainBoard.obj (.text:_ZN9MainBoard8gsmPowerEb)
                  0000ce58    000000bc     sysbios.aem4f : BIOS.obj (.text:ti_sysbios_knl_Task_startCore__E)
                  0000cf14    00000004     debug_pem4f.oem4f (.text:ti_sysbios_heaps_HeapMem_Module_GateProxy_enter__E)
                  0000cf18    000000bc     sysbios.aem4f : BIOS.obj (.text:ti_sysbios_utils_Load_updateLoads__E)
                  0000cfd4    000000b8     drivers_msp432p401x.aem4f : UARTMSP432.oem4f (.text:initHw)
                  0000d08c    000000b8                               : UARTMSP432.oem4f (.text:readTaskCallback)
                  0000d144    000000b4     msp432p4xx_driverlib.lib : adc14.o (.text:ADC14_configureConversionMemory)
                  0000d1f8    000000b4     drivers_msp432p401x.aem4f : UARTMSP432.oem4f (.text:UARTMSP432_control)
                  0000d2ac    00000004     debug_pem4f.oem4f (.text:ti_sysbios_heaps_HeapMem_Module_GateProxy_leave__E)
                  0000d2b0    000000b4     sysbios.aem4f : BIOS.obj (.text:ti_sysbios_gates_GateMutex_enter__E)
                  0000d364    00000004     debug_pem4f.oem4f (.text:ti_sysbios_knl_Clock_TimerProxy_getMaxTicks__E)
                  0000d368    000000b4     sysbios.aem4f : BIOS.obj (.text:ti_sysbios_knl_Task_checkStacks__E)
                  0000d41c    000000b2     drivers_msp432p401x.aem4f : WatchdogMSP432.oem4f (.text:WatchdogMSP432_open)
                  0000d4ce    00000002     --HOLE-- [fill = 0]
                  0000d4d0    000000b1     rtsv7M4_T_le_v4SPD16_eabi.lib : _printfi.c.obj (.text:_ltostr)
                  0000d581    00000001     --HOLE-- [fill = 0]
                  0000d582    00000006     drivers_msp432p401x.aem4f : WatchdogMSP432.oem4f (.text:WatchdogMSP432_control)
                  0000d588    000000b0     sysbios.aem4f : BIOS.obj (.text:ti_sysbios_knl_Task_yield__E)
                  0000d638    000000b0                   : BIOS.obj (.text:ti_sysbios_utils_Load_idleFxn__E)
                  0000d6e8    000000ae     TinyGPS++.obj (.text:_ZN11TinyGPSPlusC1Ev)
                  0000d796    00000002     --HOLE-- [fill = 0]
                  0000d798    000000ad     ConnService.obj (.text:_ZN11ConnService17getServerDateTimeERjb)
                  0000d845    00000003     --HOLE-- [fill = 0]
                  0000d848    000000ac     drivers_msp432p401x.aem4f : GPIOMSP432.oem4f (.text:GPIO_init)
                  0000d8f4    000000ac     ConnService.obj (.text:_ZN13TinyGsmSim80017modemGetAvailableEh)
                  0000d9a0    000000ac     sysbios.aem4f : BIOS.obj (.text:ti_sysbios_family_arm_m3_Hwi_Instance_init__E)
                  0000da4c    00000004     debug_pem4f.oem4f (.text:ti_sysbios_knl_Clock_TimerProxy_start__E)
                  0000da50    000000ac     sysbios.aem4f : BIOS.obj (.text:ti_sysbios_knl_Swi_post__E)
                  0000dafc    000000a8     drivers_msp432p401x.aem4f : UARTMSP432.oem4f (.text:UARTMSP432_write)
                  0000dba4    000000a8     ConnService.obj (.text:_ZN13TinyGsmSim8009GsmClient7connectE9IPAddressti)
                  0000dc4c    000000a8     drivers_msp432p401x.aem4f : UARTMSP432.oem4f (.text:readTaskBlocking)
                  0000dcf4    00000004     debug_pem4f.oem4f (.text:ti_sysbios_knl_Clock_TimerProxy_stop__E)
                  0000dcf8    000000a8     sysbios.aem4f : BIOS.obj (.text:ti_sysbios_family_arm_msp432_Timer_periodicStub__E)
                  0000dda0    000000a8                   : BIOS.obj (.text:ti_sysbios_knl_Task_blockI__E)
                  0000de48    000000a5     HttpClient.obj (.text:_ZN10HttpClient12responseBodyEv)
                  0000deed    00000003     --HOLE-- [fill = 0]
                  0000def0    000000a4     drivers_msp432p401x.aem4f : PWMTimerMSP432.oem4f (.text:PWMTimerMSP432_stop)
                  0000df94    000000a4     TinyGPS++.obj (.text:_ZN11TinyGPSPlus12parseDegreesEPKcR10RawDegrees)
                  0000e038    000000a4     sysbios.aem4f : BIOS.obj (.text:ti_sysbios_knl_Clock_Instance_finalize__E)
                  0000e0dc    00000004     debug_pem4f.oem4f (.text:ti_sysbios_knl_Clock_delete)
                  0000e0e0    000000a4     sysbios.aem4f : BIOS.obj (.text:ti_sysbios_rts_ti_ReentSupport_getReent__F)
                  0000e184    00000004     debug_pem4f.oem4f (.text:ti_sysbios_knl_Semaphore_delete)
                  0000e188    000000a2     sysbios.aem4f : BIOS.obj (.text:xdc_runtime_Text_putSite__E)
                  0000e22a    00000002     --HOLE-- [fill = 0]
                  0000e22c    000000a0     ConnService.obj (.text:_ZN13TinyGsmSim8009GsmClient4stopEv)
                  0000e2cc    000000a0     auto_init.aem4f : auto_init.oem4f (.text)
                  0000e36c    000000a0     drivers_msp432p401x.aem4f : UARTMSP432.oem4f (.text:readIsrTextCallback)
                  0000e40c    0000009c                               : PowerMSP432.oem4f (.text:Power_init)
                  0000e4a8    0000009c     Airio.obj (.text:_Z5setupv)
                  0000e544    0000009c     rtsv7M4_T_le_v4SPD16_eabi.lib : memcpy_t2.asm.obj (.text)
                  0000e5e0    0000009c     sysbios.aem4f : BIOS.obj (.text:ti_sysbios_knl_Semaphore_Instance_init__E)
                  0000e67c    00000098     ConnService.obj (.text:_ZN11TinyGsmFifoIhLj64EE3getEPhib)
                  0000e714    00000096     rtsv7M4_T_le_v4SPD16_eabi.lib : ull_div_t2.asm.obj (.text)
                  0000e7aa    00000002     --HOLE-- [fill = 0]
                  0000e7ac    00000094     drivers_msp432p401x.aem4f : PWMTimerMSP432.oem4f (.text:PWMTimerMSP432_setDuty)
                  0000e840    00000094     main.obj (.text:main)
                  0000e8d4    00000004     debug_pem4f.oem4f (.text:ti_sysbios_knl_Task_delete)
                  0000e8d8    00000094     sysbios.aem4f : BIOS.obj (.text:ti_sysbios_family_arm_m3_Hwi_initNVIC__E)
                  0000e96c    00000004     ti.uia.loggers.aem4f : LoggerStopMode.oem4f (.text:ti_uia_loggers_LoggerStopMode_getContents__E)
                  0000e970    00000094     sysbios.aem4f : BIOS.obj (.text:ti_sysbios_heaps_HeapTrack_alloc__E)
                  0000ea04    00000004     debug_pem4f.oem4f (.text:ti_uia_loggers_LoggerStopMode_getFilterLevel__E)
                  0000ea08    00000094     sysbios.aem4f : BIOS.obj (.text:ti_sysbios_knl_Task_unblockI__E)
                  0000ea9c    00000092     drivers_msp432p401x.aem4f : UARTMSP432.oem4f (.text:UARTMSP432_close)
                  0000eb2e    00000092                               : UARTMSP432.oem4f (.text:writeData)
                  0000ebc0    00000090     sysbios.aem4f : BIOS.obj (.text:ti_sysbios_knl_Task_Module_startup__E)
                  0000ec50    00000090     ti.uia.loggers.aem4f : LoggerStopMode.oem4f (.text:ti_uia_loggers_LoggerStopMode_initQueueDescriptor__E)
                  0000ece0    0000008e     TinyGPS++.obj (.text:_ZN11TinyGPSPlus12parseDecimalEPKc)
                  0000ed6e    00000002     --HOLE-- [fill = 0]
                  0000ed70    0000008c     drivers_msp432p401x.aem4f : ADCMSP432.oem4f (.text:ADCMSP432_open)
                  0000edfc    0000008c                               : UARTMSP432.oem4f (.text:readIsrTextBlocking)
                  0000ee88    0000008c     sysbios.aem4f : m3_TaskSupport_asm.obj (.text:ti_sysbios_family_arm_m3_TaskSupport_buildTaskStack)
                  0000ef14    00000004     ti.uia.loggers.aem4f : LoggerStopMode.oem4f (.text:ti_uia_loggers_LoggerStopMode_getInstanceId__E)
                  0000ef18    0000008c     sysbios.aem4f : BIOS.obj (.text:ti_sysbios_heaps_HeapTrack_Instance_finalize__E)
                  0000efa4    00000004     ti.uia.loggers.aem4f : LoggerStopMode.oem4f (.text:ti_uia_loggers_LoggerStopMode_getMaxLength__E)
                  0000efa8    0000008c     sysbios.aem4f : BIOS.obj (.text:xdc_runtime_Text_putMod__E)
                  0000f034    00000088     drivers_msp432p401x.aem4f : PWMTimerMSP432.oem4f (.text:PWMTimerMSP432_close)
                  0000f0bc    00000088     ConnService.obj (.text:_ZN13TinyGsmSim80017modemGetConnectedEh)
                  0000f144    00000004     ti.uia.loggers.aem4f : LoggerStopMode.oem4f (.text:ti_uia_loggers_LoggerStopMode_getPriority__E)
                  0000f148    00000088     sysbios.aem4f : BIOS.obj (.text:ti_sysbios_family_arm_msp432_Timer_Module_startup__E)
                  0000f1d0    00000088                   : BIOS.obj (.text:ti_sysbios_knl_Mailbox_Module_startup__E)
                  0000f258    00000086     rtsv7M4_T_le_v4SPD16_eabi.lib : fd_cmp_t2.asm.obj (.text:__aeabi_cdcmple)
                  0000f2de    00000086                                   : fd_cmp_t2.asm.obj (.text:__aeabi_cdrcmple)
                  0000f364    00000084     msp432p4xx_driverlib.lib : pcm.o (.text:PCM_gotoLPM3)
                  0000f3e8    00000084     drivers_msp432p401x.aem4f : PWMTimerMSP432.oem4f (.text:PWMTimerMSP432_start)
                  0000f46c    00000084                               : PowerMSP432.oem4f (.text:restartHFXT)
                  0000f4f0    00000084     sysbios.aem4f : BIOS.obj (.text:ti_sysbios_family_arm_m3_Hwi_postInit__I)
                  0000f574    00000004     ti.uia.loggers.aem4f : LoggerStopMode.oem4f (.text:ti_uia_loggers_LoggerStopMode_getTransferType__E)
                  0000f578    00000084     sysbios.aem4f : BIOS.obj (.text:xdc_runtime_Memory_alloc__E)
                  0000f5fc    00000080     msp432p4xx_driverlib.lib : sysctl.o (.text:SysCtl_getTLVInfo)
                  0000f67c    00000080     ConnService.obj (.text:_ZN13TinyGsmSim80021getRegistrationStatusEv)
                  0000f6fc    00000004     debug_pem4f.oem4f (.text:xdc_runtime_System_Module_GateProxy_enter__E)
                  0000f700    00000080     sysbios.aem4f : BIOS.obj (.text:ti_sysbios_family_arm_m3_TimestampProvider_get64__E)
                  0000f780    00000080                   : BIOS.obj (.text:ti_sysbios_family_arm_msp432_Timer_startup__E)
                  0000f800    0000007e     EnergiaCoreMSP432.lib : new.obj (.text)
                  0000f87e    00000002     --HOLE-- [fill = 0]
                  0000f880    0000007c     Utils.obj (.text:_Z12utilsOnResetv)
                  0000f8fc    0000007c     drivers_msp432p401x.aem4f : PWMTimerMSP432.oem4f (.text:setConstraints)
                  0000f978    0000007c     sysbios.aem4f : BIOS.obj (.text:xdc_runtime_Core_deleteObject__I)
                  0000f9f4    0000007a     ConnService.obj (.text:_ZN13TinyGsmSim8008maintainEv)
                  0000fa6e    0000007a     rtsv7M4_T_le_v4SPD16_eabi.lib : memset_t2.asm.obj (.text)
                  0000fae8    00000078     drivers_msp432p401x.aem4f : TimerMSP432.oem4f (.text:TimerMSP432_allocateTimerResource)
                  0000fb60    00000078     sysbios.aem4f : BIOS.obj (.text:xdc_runtime_Error_print__E)
                  0000fbd8    00000075                   : BIOS.obj (.text:xdc_runtime_System_formatNum__I)
                  0000fc4d    00000001     --HOLE-- [fill = 0]
                  0000fc4e    00000074     HttpClient.obj (.text:_ZN10HttpClient4readEv)
                  0000fcc2    00000002     --HOLE-- [fill = 0]
                  0000fcc4    00000074     ConnService.obj (.text:_ZN13TinyGsmSim80014gprsDisconnectEv)
                  0000fd38    00000074     sysbios.aem4f : BIOS.obj (.text:ti_sysbios_knl_Clock_start__E)
                  0000fdac    00000074     ti.uia.runtime.aem4f : QueueDescriptor.oem4f (.text:ti_uia_runtime_QueueDescriptor_addToList__E)
                  0000fe20    00000070     sysbios.aem4f : BIOS.obj (.text:ti_sysbios_heaps_HeapMem_initPrimary__I)
                  0000fe90    0000006e     ConnService.obj (.text:_ZN13TinyGsmSim80015streamSkipUntilEcm)
                  0000fefe    0000006e     rtsv7M4_T_le_v4SPD16_eabi.lib : _printfi.c.obj (.text:_mcpy)
                  0000ff6c    0000006e                                   : fd_tos_t2.asm.obj (.text)
                  0000ffda    0000006e                                   : ll_div_t2.asm.obj (.text)
                  00010048    0000006c     HttpClient.obj (.text:_ZN10HttpClientC1ER6ClientPKct)
                  000100b4    00000004     debug_pem4f.oem4f (.text:xdc_runtime_System_Module_GateProxy_leave__E)
                  000100b8    0000006c     sysbios.aem4f : BIOS.obj (.text:ti_sysbios_family_arm_msp432_Seconds_get__E)
                  00010124    00000004     --HOLE-- [fill = 0]
                  00010128    0000006c                   : BIOS.obj (.text:ti_sysbios_knl_Swi_restoreHwi__E)
                  00010194    0000006a     drivers_msp432p401x.aem4f : PWMTimerMSP432.oem4f (.text:perfChangeNotifyFxn)
                  000101fe    00000002     --HOLE-- [fill = 0]
                  00010200    00000069     HttpClient.obj (.text:_ZN10HttpClient15readHeaderValueEv)
                  00010269    00000003     --HOLE-- [fill = 0]
                  0001026c    00000068     drivers_msp432p401x.aem4f : GPIOMSP432.oem4f (.text:GPIO_hwiIntFxn)
                  000102d4    00000068                               : PowerMSP432.oem4f (.text:PowerMSP432_getFreqs)
                  0001033c    00000068     rtsv7M4_T_le_v4SPD16_eabi.lib : copy_decompress_lzss.c.obj (.text:decompress:lzss:__TI_decompress_lzss)
                  000103a4    00000068     drivers_msp432p401x.aem4f : PWMTimerMSP432.oem4f (.text:initHw)
                  0001040c    00000004     --HOLE-- [fill = 0]
                  00010410    00000068     sysbios.aem4f : BIOS.obj (.text:xdc_runtime_Error_setX__E)
                  00010478    00000068                   : BIOS.obj (.text:xdc_runtime_Text_visitRope2__I)
                  000104e0    00000066     ti.uia.loggers.aem4f : LoggerStopMode.oem4f (.text:ti_uia_loggers_LoggerStopMode_flush__E)
                  00010546    00000002     --HOLE-- [fill = 0]
                  00010548    00000064     ConnService.obj (.text:_ZN13TinyGsmSim8006sendATIJPKchcS2_S2_S2_S2_tEEEvDpT_)
                  000105ac    00000064     MainBoard.obj (.text:_ZN9MainBoard5powerEb)
                  00010610    00000064     rtsv7M4_T_le_v4SPD16_eabi.lib : s_frexp.c.obj (.text:frexp)
                  00010674    00000004     --HOLE-- [fill = 0]
                  00010678    00000064     sysbios.aem4f : BIOS.obj (.text:ti_sysbios_knl_Clock_logTick__E)
                  000106dc    00000004     --HOLE-- [fill = 0]
                  000106e0    00000064                   : BIOS.obj (.text:ti_sysbios_utils_Load_logCPULoad__I)
                  00010744    00000062     SerialTransfer.obj (.text:_ZN14SerialTransfer12unpackPacketEPhRKh)
                  000107a6    00000002     --HOLE-- [fill = 0]
                  000107a8    00000061     Utils.obj (.text:_Z11utilsGetUIDv)
                  00010809    00000003     --HOLE-- [fill = 0]
                  0001080c    00000060     drivers_msp432p401x.aem4f : GPIOMSP432.oem4f (.text:GPIO_setCallback)
                  0001086c    00000060     dpl_msp432p401x.aem4f : PowerMSP432_tirtos.oem4f (.text:PowerMSP432_deepSleepPolicy)
                  000108cc    00000060     TinyGPS++.obj (.text:_ZN15TinyGPSLocation3latEv)
                  0001092c    00000060     TinyGPS++.obj (.text:_ZN15TinyGPSLocation3lngEv)
                  0001098c    00000060     Airio.obj (.text:_ZN17SerialTransferCRC13generateTableEv)
                  000109ec    00000004     --HOLE-- [fill = 0]
                  000109f0    00000060     sysbios.aem4f : BIOS.obj (.text:ti_sysbios_family_arm_m3_TimestampProvider_get32__E)
                  00010a50    0000005f                   : BIOS.obj (.text:xdc_runtime_Text_putLab__E)
                  00010aaf    00000001     --HOLE-- [fill = 0]
                  00010ab0    0000005e     msp432p4xx_driverlib.lib : pcm.o (.text:PCM_getCoreVoltageLevel)
                  00010b0e    00000002     --HOLE-- [fill = 0]
                  00010b10    0000005c     sysbios.aem4f : BIOS.obj (.text:ti_sysbios_family_arm_m3_Timer_start__E)
                  00010b6c    00000004     --HOLE-- [fill = 0]
                  00010b70    0000005c                   : BIOS.obj (.text:ti_sysbios_knl_Swi_schedule__I)
                  00010bcc    00000004     --HOLE-- [fill = 0]
                  00010bd0    0000005c                   : BIOS.obj (.text:xdc_runtime_Startup_exec__E)
                  00010c2c    0000005a     msp432p4xx_driverlib.lib : pcm.o (.text:PCM_getPowerMode)
                  00010c86    0000005a     HttpClient.obj (.text:_ZN10HttpClient19skipResponseHeadersEv)
                  00010ce0    0000005a     drivers_msp432p401x.aem4f : ADCMSP432.oem4f (.text:initHw)
                  00010d3a    00000002     --HOLE-- [fill = 0]
                  00010d3c    00000059     HttpClient.obj (.text:_ZN10HttpClient15headerAvailableEv)
                  00010d95    00000003     --HOLE-- [fill = 0]
                  00010d98    00000058     drivers_msp432p401x.aem4f : GPIOMSP432.oem4f (.text:GPIO_write)
                  00010df0    00000058     rtsv7M4_T_le_v4SPD16_eabi.lib : hostwrite.c.obj (.text:HOSTwrite)
                  00010e48    00000058     Airio.obj (.text:_ZN14SerialTransferC1Ev)
                  00010ea0    00000058     boot.aem4f : boot.oem4f (.text)
                  00010ef8    00000058     drivers_msp432p401x.aem4f : UARTMSP432.oem4f (.text:readIsrBinaryBlocking)
                  00010f50    00000058     sysbios.aem4f : BIOS.obj (.text:ti_sysbios_family_arm_m3_Hwi_excReserved__I)
                  00010fa8    00000058                   : m3_Hwi_asm_switch.obj (.text:ti_sysbios_family_arm_m3_Hwi_initStacks__E)
                  00011000    00000058                   : BIOS.obj (.text:ti_sysbios_family_arm_m3_Timer_setPeriod__E)
                  00011058    00000058                   : BIOS.obj (.text:ti_sysbios_heaps_HeapMem_alloc__E)
                  000110b0    00000058                   : BIOS.obj (.text:xdc_runtime_Assert_raise__I)
                  00011108    00000056     rtsv7M4_T_le_v4SPD16_eabi.lib : _printfi.c.obj (.text:_pconv_f)
                  0001115e    00000002     --HOLE-- [fill = 0]
                  00011160    00000054     msp432p4xx_driverlib.lib : pcm.o (.text:PCM_shutdownDevice)
                  000111b4    00000054     drivers_msp432p401x.aem4f : TimerMSP432.oem4f (.text:TimerMSP432_freeTimerResource)
                  00011208    00000054     HttpClient.obj (.text:_ZN10HttpClient10resetStateEv)
                  0001125c    00000054     ConnService.obj (.text:_ZN13TinyGsmSim8006sendATIJPKcS2_S2_S2_S2_S2_S2_EEEvDpT_)
                  000112b0    00000054     Airio.obj (.text:_ZN17SerialTransferCRCC1ERKhS1_)
                  00011304    00000054     rtsv7M4_T_le_v4SPD16_eabi.lib : _ltoa.c.obj (.text:__TI_ltoa)
                  00011358    00000054     debug_pem4f.oem4f (.text:ti_sysbios_family_arm_m3_Hwi_create)
                  000113ac    00000004     --HOLE-- [fill = 0]
                  000113b0    00000054     sysbios.aem4f : BIOS.obj (.text:ti_sysbios_family_arm_msp432_Timer_initDevice__I)
                  00011404    00000053     HttpClient.obj (.text:_ZN10HttpClient10sendHeaderEPKcS1_)
                  00011457    00000001     --HOLE-- [fill = 0]
                  00011458    00000053     HttpClient.obj (.text:_ZN10HttpClient10sendHeaderEPKci)
                  000114ab    00000001     --HOLE-- [fill = 0]
                  000114ac    00000052     rtsv7M4_T_le_v4SPD16_eabi.lib : _printfi.c.obj (.text:_ecpy)
                  000114fe    00000002     --HOLE-- [fill = 0]
                  00011500    00000050     dpl_msp432p401x.aem4f : ClockP_tirtos.oem4f (.text:ClockP_create)
                  00011550    00000050     ConnService.obj (.text:_ZN13TinyGsmSim8006sendATIJPKchcjEEEvDpT_)
                  000115a0    00000050     ConnService.obj (.text:_ZN13TinyGsmSim8009GsmClient7connectEPKcti)
                  000115f0    00000050     SerialTransfer.obj (.text:_ZN17SerialTransferCRC9calculateEPhh)
                  00011640    00000050     sysbios.aem4f : BIOS.obj (.text:ti_sysbios_family_arm_m3_Hwi_Module_startup__E)
                  00011690    00000050     debug_pem4f.oem4f (.text:ti_sysbios_knl_Task_create)
                  000116e0    00000050     sysbios.aem4f : BIOS.obj (.text:xdc_runtime_SysMin_flush__E)
                  00011730    0000004c     rtsv7M4_T_le_v4SPD16_eabi.lib : atoi.c.obj (.text:atoi)
                  0001177c    0000004c                                   : atol.c.obj (.text:atol)
                  000117c8    0000004c                                   : cpy_tbl.c.obj (.text:copy_in)
                  00011814    0000004c     drivers_msp432p401x.aem4f : UARTMSP432.oem4f (.text:readIsrBinaryCallback)
                  00011860    0000004c     sysbios.aem4f : BIOS.obj (.text:ti_sysbios_family_arm_m3_Hwi_excSvCall__I)
                  000118ac    00000004     --HOLE-- [fill = 0]
                  000118b0    0000004c                   : BIOS.obj (.text:ti_sysbios_family_arm_msp432_Timer_setAvailMask__E)
                  000118fc    00000004     --HOLE-- [fill = 0]
                  00011900    0000004c                   : BIOS.obj (.text:ti_sysbios_family_arm_msp432_Timer_start__E)
                  0001194c    00000004     --HOLE-- [fill = 0]
                  00011950    0000004c                   : BIOS.obj (.text:ti_sysbios_heaps_HeapMem_getStats__E)
                  0001199c    00000004     --HOLE-- [fill = 0]
                  000119a0    0000004c                   : BIOS.obj (.text:ti_sysbios_knl_Swi_runLoop__I)
                  000119ec    00000004     --HOLE-- [fill = 0]
                  000119f0    0000004c                   : BIOS.obj (.text:ti_sysbios_knl_Task_allBlockedFunction__I)
                  00011a3c    0000004c     ti.uia.loggers.aem4f : LoggerStopMode.oem4f (.text:ti_uia_loggers_LoggerStopMode_Module_startup__E)
                  00011a88    0000004c     sysbios.aem4f : BIOS.obj (.text:xdc_runtime_Text_xprintf__I)
                  00011ad4    0000004a     ConnService.obj (.text:_ZN13TinyGsmSim8009GsmClient9availableEv)
                  00011b1e    00000002     --HOLE-- [fill = 0]
                  00011b20    00000048     drivers_msp432p401x.aem4f : PowerMSP432.oem4f (.text:Power_releaseConstraint)
                  00011b68    00000048     HttpClient.obj (.text:_ZN10HttpClient4readEPhj)
                  00011bb0    00000048     ConnService.obj (.text:_ZN13TinyGsmSim8006sendATIJPKcS2_cEEEvDpT_)
                  00011bf8    00000048     ConnService.obj (.text:_ZN13TinyGsmSim8006sendATIJPKchS2_EEEvDpT_)
                  00011c40    00000048     ConnService.obj (.text:_ZN13TinyGsmSim8009GsmClient4initEPS_h)
                  00011c88    00000048     rtsv7M4_T_le_v4SPD16_eabi.lib : exit.c.obj (.text:exit)
                  00011cd0    00000048                                   : fd_toi_t2.asm.obj (.text)
                  00011d18    00000048     sysbios.aem4f : BIOS.obj (.text:ti_sysbios_family_arm_m3_Hwi_disableInterrupt__E)
                  00011d60    00000048                   : BIOS.obj (.text:ti_sysbios_family_arm_m3_Hwi_enableInterrupt__E)
                  00011da8    00000048                   : BIOS.obj (.text:ti_sysbios_family_arm_m3_Hwi_excNoIsr__I)
                  00011df0    00000048                   : BIOS.obj (.text:ti_sysbios_family_arm_m3_Timer_initDevice__I)
                  00011e38    00000048                   : BIOS.obj (.text:xdc_runtime_Core_assignParams__I)
                  00011e80    00000046     drivers_msp432p401x.aem4f : RingBuf.oem4f (.text:RingBuf_put)
                  00011ec6    00000046     ConnService.obj (.text:_ZN13TinyGsmSim80011streamWriteIPKcJS2_hcS2_S2_S2_S2_tS2_EEEvT_DpT0_)
                  00011f0c    00000046     ConnService.obj (.text:_ZN13TinyGsmSim80011streamWriteIPKcJhcS2_S2_S2_S2_tS2_EEEvT_DpT0_)
                  00011f52    00000002     --HOLE-- [fill = 0]
                  00011f54    00000045     ConnService.obj (.text:_ZN13TinyGsmSim80012waitResponseEjPKcS1_S1_S1_S1_)
                  00011f99    00000003     --HOLE-- [fill = 0]
                  00011f9c    00000044     drivers_msp432p401x.aem4f : PWM.oem4f (.text:PWM_init)
                  00011fe0    00000044                               : UART.oem4f (.text:UART_init)
                  00012024    00000044                               : Watchdog.oem4f (.text:Watchdog_init)
                  00012068    00000044     rtsv7M4_T_le_v4SPD16_eabi.lib : dtor_list.c.obj (.text:_Z25__add_destruction_to_listPP20a_needed_destructionPFYvPvES2_S2_)
                  000120ac    00000044     TinyGPS++.obj (.text:_ZN11TinyGPSPlus7fromHexEc)
                  000120f0    00000044     ConnService.obj (.text:_ZN11TinyGsmFifoIhLj64EE3putERKh)
                  00012134    00000044     ConnService.obj (.text:_ZN13TinyGsmSim80011streamWriteIhJcPKcS2_S2_S2_tS2_EEEvT_DpT0_)
                  00012178    00000044     ConnService.obj (.text:_ZN13TinyGsmSim8006sendATIJPKcbEEEvDpT_)
                  000121bc    00000044     ConnService.obj (.text:_ZN13TinyGsmSim8006sendATIJPKchEEEvDpT_)
                  00012200    00000044     rtsv7M4_T_le_v4SPD16_eabi.lib : fd_tou_t2.asm.obj (.text)
                  00012244    00000004     --HOLE-- [fill = 0]
                  00012248    00000044     sysbios.aem4f : BIOS.obj (.text:ti_sysbios_family_arm_m3_Hwi_excNmi__I)
                  0001228c    00000004     --HOLE-- [fill = 0]
                  00012290    00000044                   : BIOS.obj (.text:ti_sysbios_family_arm_m3_Hwi_getStackInfo__E)
                  000122d4    00000044     ti.uia.loggers.aem4f : LoggerStopMode.oem4f (.text:ti_uia_loggers_LoggerStopMode_initBuffer__I)
                  00012318    00000044     sysbios.aem4f : BIOS.obj (.text:xdc_runtime_SysMin_putch__E)
                  0001235c    00000004     --HOLE-- [fill = 0]
                  00012360    00000044                   : BIOS.obj (.text:xdc_runtime_System_atexit__E)
                  000123a4    00000042     rtsv7M4_T_le_v4SPD16_eabi.lib : dtor_list.c.obj (.text:_Z23__finalize_destructionsPP20a_needed_destructionPv)
                  000123e6    00000002     --HOLE-- [fill = 0]
                  000123e8    00000040     drivers_msp432p401x.aem4f : ADCMSP432.oem4f (.text:ADCMSP432_close)
                  00012428    00000040     dpl_msp432p401x.aem4f : HwiP_tirtos.oem4f (.text:HwiP_create)
                  00012468    00000040     drivers_msp432p401x.aem4f : PWM.oem4f (.text:PWM_open)
                  000124a8    00000040                               : RingBuf.oem4f (.text:RingBuf_get)
                  000124e8    00000040                               : UARTMSP432.oem4f (.text:UARTMSP432_read)
                  00012528    00000040                               : UART.oem4f (.text:UART_open)
                  00012568    00000040                               : PWMTimerMSP432.oem4f (.text:getDutyCounts)
                  000125a8    00000040                               : PWMTimerMSP432.oem4f (.text:getPeriodCounts)
                  000125e8    00000040                               : UARTMSP432.oem4f (.text:perfChangeNotifyFxn)
                  00012628    00000040     rtsv7M4_T_le_v4SPD16_eabi.lib : u_divt2.asm.obj (.text)
                  00012668    00000040                                   : sprintf.c.obj (.text:sprintf)
                  000126a8    0000003e                                   : _printfi.c.obj (.text:_fcpy)
                  000126e6    0000003e     debug_pem4f.oem4f (.text:realloc)
                  00012724    0000003c     dpl_msp432p401x.aem4f : SemaphoreP_tirtos.oem4f (.text:SemaphoreP_create)
                  00012760    0000003c     ConnService.obj (.text:_ZN13TinyGsmSim80011streamWriteIPKcJS2_S2_S2_S2_S2_S2_S2_S2_EEEvT_DpT0_)
                  0001279c    00000004     --HOLE-- [fill = 0]
                  000127a0    0000003c     sysbios.aem4f : BIOS.obj (.text:ti_sysbios_family_arm_m3_Hwi_Instance_finalize__E)
                  000127dc    00000004     --HOLE-- [fill = 0]
                  000127e0    0000003c                   : BIOS.obj (.text:ti_sysbios_family_arm_msp432_Seconds_Module_startup__E)
                  0001281c    0000003c     debug_pem4f.oem4f (.text:ti_sysbios_knl_Clock_create)
                  00012858    0000003c     sysbios.aem4f : BIOS.obj (.text:ti_sysbios_knl_Swi_restore__E)
                  00012894    00000004     --HOLE-- [fill = 0]
                  00012898    0000003c                   : BIOS.obj (.text:xdc_runtime_System_processAtExit__E)
                  000128d4    0000003a     ConnService.obj (.text:_ZN13TinyGsmSim80011streamWriteIcJPKcS2_S2_S2_tS2_EEEvT_DpT0_)
                  0001290e    00000002     --HOLE-- [fill = 0]
                  00012910    00000038     drivers_msp432p401x.aem4f : PowerMSP432.oem4f (.text:Power_setConstraint)
                  00012948    00000038                               : WatchdogMSP432.oem4f (.text:WatchdogMSP432_close)
                  00012980    00000038     ConnService.obj (.text:_ZN11ConnService15modemSerialStopEv)
                  000129b8    00000038     ConnService.obj (.text:_ZN13TinyGsmSim80011streamWriteIPKcJS2_S2_S2_S2_S2_S2_S2_EEEvT_DpT0_)
                  000129f0    00000038     rtsv7M4_T_le_v4SPD16_eabi.lib : trgmsg.c.obj (.text:__TI_writemsg)
                  00012a28    00000038     Airio.obj (.text:__sti___9_Airio_cpp_gps)
                  00012a60    00000038     drivers_msp432p401x.aem4f : PowerMSP432.oem4f (.text:notify)
                  00012a98    00000038     rtsv7M4_T_le_v4SPD16_eabi.lib : fs_tod_t2.asm.obj (.text)
                  00012ad0    00000038     sysbios.aem4f : BIOS.obj (.text:ti_sysbios_knl_Task_processVitalTaskFlag__I)
                  00012b08    00000038                   : BIOS.obj (.text:xdc_runtime_SysMin_abort__E)
                  00012b40    00000036     ConnService.obj (.text:_ZN13TinyGsmSim80011streamWriteIPKcJS2_hcjS2_EEEvT_DpT0_)
                  00012b76    00000036     rtsv7M4_T_le_v4SPD16_eabi.lib : strncpy.c.obj (.text:strncpy)
                  00012bac    00000035     HttpClient.obj (.text:_ZN10HttpClient14readHeaderNameEv)
                  00012be1    00000001     --HOLE-- [fill = 0]
                  00012be2    00000034     Utils.obj (.text:_Z15utilsGetRandnumPhj)
                  00012c16    00000002     --HOLE-- [fill = 0]
                  00012c18    00000034     ConnService.obj (.text:_ZN11ConnService16modemSerialStartEv)
                  00012c4c    00000034     ConnService.obj (.text:_ZN13TinyGsmSim80011streamWriteIPKcJS2_S2_S2_S2_S2_S2_EEEvT_DpT0_)
                  00012c80    00000034     ConnService.obj (.text:_ZN13TinyGsmSim80011streamWriteIPKcJhcjS2_EEEvT_DpT0_)
                  00012cb4    00000034     ConnService.obj (.text:_ZN13TinyGsmSim8006sendATIJPKcEEEvDpT_)
                  00012ce8    00000034     ConnService.obj (.text:_ZN13TinyGsmSim8009GsmClientC1ERS_h)
                  00012d1c    00000034     TinyGPS++.obj (.text:_ZN15TinyGPSLocation6commitEv)
                  00012d50    00000034     TinyGPS++.obj (.text:_ZN15TinyGPSLocationC1Ev)
                  00012d84    00000034     rtsv7M4_T_le_v4SPD16_eabi.lib : trgmsg.c.obj (.text:__TI_readmsg)
                  00012db8    00000034                                   : dtor_list.c.obj (.text:__aeabi_atexit)
                  00012dec    00000004     --HOLE-- [fill = 0]
                  00012df0    00000034     sysbios.aem4f : BIOS.obj (.text:_pthread_delete$50)
                  00012e24    00000034     rtsv7M4_T_le_v4SPD16_eabi.lib : strstr.c.obj (.text:strstr)
                  00012e58    00000034     debug_pem4f.oem4f (.text:ti_sysbios_BIOS_startFunc__I)
                  00012e8c    00000004     --HOLE-- [fill = 0]
                  00012e90    00000034     sysbios.aem4f : BIOS.obj (.text:ti_sysbios_family_arm_m3_Timer_Module_startup__E)
                  00012ec4    00000004     --HOLE-- [fill = 0]
                  00012ec8    00000034                   : BIOS.obj (.text:ti_sysbios_family_arm_m3_Timer_periodicStub__I)
                  00012efc    00000004     --HOLE-- [fill = 0]
                  00012f00    00000034                   : BIOS.obj (.text:ti_sysbios_hal_Hwi_checkStack)
                  00012f34    00000034     debug_pem4f.oem4f (.text:ti_sysbios_knl_Semaphore_create)
                  00012f68    00000034     ti.uia.loggers.aem4f : LoggerStopMode.oem4f (.text:ti_uia_loggers_LoggerStopMode_reset__E)
                  00012f9c    00000032     HttpClient.obj (.text:_ZN10HttpClient16endOfBodyReachedEv)
                  00012fce    00000032     HttpClient.obj (.text:_ZN10HttpClient7connectE9IPAddresst)
                  00013000    00000032     ConnService.obj (.text:_ZN13TinyGsmSim80011streamWriteIPKcJS2_S2_S2_tS2_EEEvT_DpT0_)
                  00013032    00000032     ConnService.obj (.text:_ZN13TinyGsmSim80014waitForNetworkEm)
                  00013064    00000004     --HOLE-- [fill = 0]
                  00013068    00000032     sysbios.aem4f : BIOS.obj (.text:ti_sysbios_hal_Hwi_initStack)
                  0001309a    00000006     drivers_msp432p401x.aem4f : WatchdogMSP432.oem4f (.text:WatchdogMSP432_setReload)
                  000130a0    00000032     sysbios.aem4f : BIOS.obj (.text:ti_sysbios_knl_Semaphore_pendTimeout__I)
                  000130d2    00000002     --HOLE-- [fill = 0]
                  000130d4    00000030     drivers_msp432p401x.aem4f : ADCMSP432.oem4f (.text:ADCMSP432_init)
                  00013104    00000030     Airio.obj (.text:_Z3powIihENSt3__216__lazy_enable_ifIXaasr3std3__213is_arithmeticIT_EE5valuesr3std3__213is_arithmeticIT0_EE5valueENS0_9__promoteIS2_S3_vEEE4typeES2_S3_)
                  00013134    00000030     ConnService.obj (.text:_ZN11ConnServiceC1EPFbvE)
                  00013164    00000030     ConnService.obj (.text:_ZN13TinyGsmSim80011streamWriteIPKcJS2_S2_S2_S2_S2_EEEvT_DpT0_)
                  00013194    00000030     ConnService.obj (.text:_ZN13TinyGsmSim80011streamWriteIPKcJS2_hS2_S2_EEEvT_DpT0_)
                  000131c4    00000030     drivers_msp432p401x.aem4f : PWMTimerMSP432.oem4f (.text:mapPin)
                  000131f4    00000030                               : UARTMSP432.oem4f (.text:mapPin)
                  00013224    00000030     debug_pem4f.oem4f (.text:ti_sysbios_BIOS_atExitFunc__I)
                  00013254    00000004     --HOLE-- [fill = 0]
                  00013258    00000030     sysbios.aem4f : BIOS.obj (.text:ti_sysbios_family_arm_m3_TaskSupport_start__E)
                  00013288    00000030     debug_pem4f.oem4f (.text:ti_sysbios_gates_GateHwi_Object__create__S)
                  000132b8    00000030     debug_pem4f.oem4f (.text:ti_sysbios_gates_GateMutex_Object__create__S)
                  000132e8    00000030     debug_pem4f.oem4f (.text:ti_sysbios_heaps_HeapMem_Object__create__S)
                  00013318    00000030     sysbios.aem4f : BIOS.obj (.text:ti_sysbios_heaps_HeapMem_free__E)
                  00013348    00000030     debug_pem4f.oem4f (.text:ti_sysbios_heaps_HeapTrack_Object__create__S)
                  00013378    00000030     sysbios.aem4f : BIOS.obj (.text:ti_sysbios_heaps_HeapTrack_getStats__E)
                  000133a8    00000030     debug_pem4f.oem4f (.text:ti_sysbios_knl_Semaphore_construct)
                  000133d8    00000030     sysbios.aem4f : BIOS.obj (.text:ti_sysbios_knl_Task_restore__E)
                  00013408    00000030                   : BIOS.obj (.text:ti_sysbios_utils_Load_updateCurrentThreadTime__E)
                  00013438    00000030     debug_pem4f.oem4f (.text:ti_uia_loggers_LoggerStopMode_Object__create__S)
                  00013468    00000030     debug_pem4f.oem4f (.text:xdc_runtime_Error_policyLog__I)
                  00013498    0000002f     sysbios.aem4f : BIOS.obj (.text:xdc_runtime_Text_printVisFxn__I)
                  000134c7    00000001     --HOLE-- [fill = 0]
                  000134c8    0000002e     HttpClient.obj (.text:_ZN10HttpClient19endOfHeadersReachedEv)
                  000134f6    0000002e     HttpClient.obj (.text:_ZN10HttpClient5writeEPKhj)
                  00013524    0000002e     ConnService.obj (.text:_ZN13TinyGsmSim80011streamWriteIPKcJS2_S2_cS2_EEEvT_DpT0_)
                  00013552    0000002e     ConnService.obj (.text:_ZN13TinyGsmSim80011streamWriteIPKcJS2_S2_tS2_EEEvT_DpT0_)
                  00013580    0000002e     ConnService.obj (.text:_ZN13TinyGsmSim8009GsmClient7connectE9IPAddresst)
                  000135ae    0000002e     rtsv7M4_T_le_v4SPD16_eabi.lib : i_tofd_t2.asm.obj (.text)
                  000135dc    0000002e     debug_pem4f.oem4f (.text:ti_sysbios_rts_MemAlloc_alloc)
                  0001360a    00000002     --HOLE-- [fill = 0]
                  0001360c    0000002d     HttpClient.obj (.text:_ZN10HttpClient4postEPKcS1_iPKh)
                  00013639    00000001     --HOLE-- [fill = 0]
                  0001363a    0000002c     dpl_msp432p401x.aem4f : PowerMSP432_tirtos.oem4f (.text:PowerMSP432_updateFreqs)
                  00013666    00000002     --HOLE-- [fill = 0]
                  00013668    0000002c     msp432p4xx_driverlib.lib : rtc_c.o (.text:RTC_C_holdClock)
                  00013694    0000002c     dpl_msp432p401x.aem4f : SemaphoreP_tirtos.oem4f (.text:SemaphoreP_createBinary)
                  000136c0    0000002c     HttpClient.obj (.text:_ZN10HttpClient13flushClientRxEv)
                  000136ec    0000002c     HttpClient.obj (.text:_ZN10HttpClient5writeEh)
                  00013718    0000002c     ConnService.obj (.text:_ZN13TinyGsmSim80011streamWriteIPKcJS2_S2_S2_S2_EEEvT_DpT0_)
                  00013744    0000002c     ConnService.obj (.text:_ZN13TinyGsmSim80011streamWriteIPKcJS2_bS2_EEEvT_DpT0_)
                  00013770    0000002c     ConnService.obj (.text:_ZN13TinyGsmSim80011streamWriteIPKcJS2_cS2_EEEvT_DpT0_)
                  0001379c    0000002c     ConnService.obj (.text:_ZN13TinyGsmSim80011streamWriteIPKcJS2_hS2_EEEvT_DpT0_)
                  000137c8    0000002c     ConnService.obj (.text:_ZN13TinyGsmSim80011streamWriteIPKcJS2_tS2_EEEvT_DpT0_)
                  000137f4    0000002c     ConnService.obj (.text:_ZN13TinyGsmSim80011streamWriteIPKcJhS2_S2_EEEvT_DpT0_)
                  00013820    0000002c     ConnService.obj (.text:_ZN13TinyGsmSim80011streamWriteIhJPKcS2_EEEvT_DpT0_)
                  0001384c    0000002c     ConnService.obj (.text:_ZN13TinyGsmSim80011streamWriteIhJcjPKcEEEvT_DpT0_)
                  00013878    0000002c     ConnService.obj (.text:_ZN13TinyGsmSim80012waitResponseEPKcS1_S1_S1_S1_)
                  000138a4    00000004     --HOLE-- [fill = 0]
                  000138a8    0000002c     sysbios.aem4f : BIOS.obj (.text:_pthread_cleanupFxn)
                  000138d4    0000002c     rtsv7M4_T_le_v4SPD16_eabi.lib : strncmp.c.obj (.text:strncmp)
                  00013900    0000002c     debug_pem4f.oem4f (.text:ti_sysbios_family_arm_m3_Hwi_Handle__label__S)
                  0001392c    00000004     --HOLE-- [fill = 0]
                  00013930    0000002c     sysbios.aem4f : BIOS.obj (.text:ti_sysbios_family_arm_m3_TimestampProvider_Module_startup__E)
                  0001395c    00000004     --HOLE-- [fill = 0]
                  00013960    0000002c                   : BIOS.obj (.text:ti_sysbios_family_arm_msp432_Timer_stop__E)
                  0001398c    0000002c     debug_pem4f.oem4f (.text:ti_sysbios_gates_GateHwi_Handle__label__S)
                  000139b8    0000002c     debug_pem4f.oem4f (.text:ti_sysbios_gates_GateMutex_Handle__label__S)
                  000139e4    0000002c     debug_pem4f.oem4f (.text:ti_sysbios_gates_GateMutex_construct)
                  00013a10    0000002c     debug_pem4f.oem4f (.text:ti_sysbios_heaps_HeapMem_Handle__label__S)
                  00013a3c    0000002c     debug_pem4f.oem4f (.text:ti_sysbios_heaps_HeapTrack_Handle__label__S)
                  00013a68    0000002c     debug_pem4f.oem4f (.text:ti_sysbios_knl_Clock_doTick__I)
                  00013a94    0000002c     debug_pem4f.oem4f (.text:ti_sysbios_knl_Queue_construct)
                  00013ac0    0000002c     debug_pem4f.oem4f (.text:ti_sysbios_knl_Swi_Handle__label__S)
                  00013aec    0000002c     debug_pem4f.oem4f (.text:ti_sysbios_knl_Task_Handle__label__S)
                  00013b18    0000002c     debug_pem4f.oem4f (.text:ti_uia_loggers_LoggerStopMode_Handle__label__S)
                  00013b44    0000002a     ConnService.obj (.text:_ZN13TinyGsmSim80011streamWriteIPKcJbS2_EEEvT_DpT0_)
                  00013b6e    0000002a     ConnService.obj (.text:_ZN13TinyGsmSim80011streamWriteIPKcJcS2_EEEvT_DpT0_)
                  00013b98    0000002a     ConnService.obj (.text:_ZN13TinyGsmSim80011streamWriteIPKcJhS2_EEEvT_DpT0_)
                  00013bc2    0000002a     ConnService.obj (.text:_ZN13TinyGsmSim80011streamWriteIPKcJtS2_EEEvT_DpT0_)
                  00013bec    0000002a     ConnService.obj (.text:_ZN13TinyGsmSim80011streamWriteIcJjPKcEEEvT_DpT0_)
                  00013c16    00000002     --HOLE-- [fill = 0]
                  00013c18    00000028     msp432p4xx_driverlib.lib : adc14.o (.text:ADC14_getResult)
                  00013c40    00000028                              : pcm.o (.text:PCM_gotoLPM0)
                  00013c68    00000028     drivers_msp432p401x.aem4f : PowerMSP432.oem4f (.text:Power_registerNotify)
                  00013c90    00000028     HttpClient.obj (.text:_ZN10HttpClient3getEPKc)
                  00013cb8    00000028     ConnService.obj (.text:_ZN13TinyGsmSim80011streamWriteIPKcJS2_S2_S2_EEEvT_DpT0_)
                  00013ce0    00000028     ConnService.obj (.text:_ZN13TinyGsmSim8009GsmClient5writeEPKc)
                  00013d08    00000028     ConnService.obj (.text:_ZN13TinyGsmSim8009GsmClient5writeEPKhj)
                  00013d30    00000028     ConnService.obj (.text:_ZN9IPAddressC1ERKS_)
                  00013d58    00000028     drivers_msp432p401x.aem4f : PowerMSP432.oem4f (.text:disableFaultCounter)
                  00013d80    00000028                               : PowerMSP432.oem4f (.text:disableHFXT)
                  00013da8    00000028                               : UARTMSP432.oem4f (.text:findBaudDividerIndex)
                  00013dd0    00000028     rtsv7M4_T_le_v4SPD16_eabi.lib : memmov.c.obj (.text:memmove)
                  00013df8    00000028     sysbios.aem4f : m3_Hwi_asm.obj (.text:ti_sysbios_family_arm_m3_Hwi_excHandlerAsm__I)
                  00013e20    00000028                   : BIOS.obj (.text:ti_sysbios_knl_Swi_Module_startup__E)
                  00013e48    00000028                   : BIOS.obj (.text:xdc_runtime_System_aprintf_va__F)
                  00013e70    00000026     drivers_msp432p401x.aem4f : List.oem4f (.text:List_put)
                  00013e96    00000026                               : List.oem4f (.text:List_remove)
                  00013ebc    00000026     ConnService.obj (.text:_ZN11TinyGsmFifoIhLj64EE4freeEv)
                  00013ee2    00000026     TinyGPS++.obj (.text:_ZN13TinyGPSCustom6commitEv)
                  00013f08    00000026     ConnService.obj (.text:_ZN13TinyGsmSim80011streamWriteIPKcJS2_S2_EEEvT_DpT0_)
                  00013f2e    00000026     drivers_msp432p401x.aem4f : PWMTimerMSP432.oem4f (.text:releaseConstraints)
                  00013f54    00000026     sysbios.aem4f : m3_Hwi_asm.obj (.text:ti_sysbios_family_arm_m3_Hwi_pendSV__I)
                  00013f7a    00000006     rtsv7M4_T_le_v4SPD16_eabi.lib : dtor_list.c.obj (.text:__cxa_ia64_exit)
                  00013f80    00000026     sysbios.aem4f : BIOS.obj (.text:xdc_runtime_System_printf_va__F)
                  00013fa6    00000002     --HOLE-- [fill = 0]
                  00013fa8    00000024     msp432p4xx_driverlib.lib : wdt_a.o (.text:WDT_A_holdTimer)
                  00013fcc    00000024     ConnService.obj (.text:_ZN11TinyGsmFifoIhLj64EE4sizeEv)
                  00013ff0    00000024     ConnService.obj (.text:_ZN13TinyGsmSim80018isNetworkConnectedEv)
                  00014014    00000024     ConnService.obj (.text:_ZN13TinyGsmSim8009GsmClient4readEv)
                  00014038    00000024     Airio.obj (.text:_ZN15TinyGPSAltitude6metersEv)
                  0001405c    00000024     ConnService.obj (.text:__sti___15_ConnService_cpp_3cccaf97)
                  00014080    00000024     rtsv7M4_T_le_v4SPD16_eabi.lib : memcmp.c.obj (.text:memcmp)
                  000140a4    00000024     debug_pem4f.oem4f (.text:ti_sysbios_BIOS_errorRaiseHook__I)
                  000140c8    00000024     debug_pem4f.oem4f (.text:ti_sysbios_BIOS_registerRTSLock__I)
                  000140ec    00000024     debug_pem4f.oem4f (.text:ti_sysbios_BIOS_removeRTSLock__I)
                  00014110    00000024     sysbios.aem4f : BIOS.obj (.text:ti_sysbios_family_arm_m3_Timer_startup__E)
                  00014134    00000004     --HOLE-- [fill = 0]
                  00014138    00000024                   : BIOS.obj (.text:ti_sysbios_family_arm_msp432_ClockFreqs_setFrequency__E)
                  0001415c    00000024     debug_pem4f.oem4f (.text:ti_sysbios_gates_GateMutex_Object__delete__S)
                  00014180    00000024     sysbios.aem4f : BIOS.obj (.text:ti_sysbios_heaps_HeapTrack_Instance_init__E)
                  000141a4    00000024     debug_pem4f.oem4f (.text:ti_sysbios_heaps_HeapTrack_Object__delete__S)
                  000141c8    00000024     sysbios.aem4f : BIOS.obj (.text:ti_sysbios_knl_Clock_Module_startup__E)
                  000141ec    00000024     debug_pem4f.oem4f (.text:ti_sysbios_knl_Clock_Object__delete__S)
                  00014210    00000024     debug_pem4f.oem4f (.text:ti_sysbios_knl_Semaphore_Object__delete__S)
                  00014234    00000004     --HOLE-- [fill = 0]
                  00014238    00000024     sysbios.aem4f : BIOS.obj (.text:ti_sysbios_knl_Task_restoreHwi__E)
                  0001425c    00000022     HttpClient.obj (.text:_ZN10HttpClient7connectEPKct)
                  0001427e    00000022     ConnService.obj (.text:_ZN13TinyGsmSim80011streamWriteIbJPKcEEEvT_DpT0_)
                  000142a0    00000022     ConnService.obj (.text:_ZN13TinyGsmSim80011streamWriteIhJPKcEEEvT_DpT0_)
                  000142c2    00000022     ConnService.obj (.text:_ZN13TinyGsmSim80011streamWriteItJPKcEEEvT_DpT0_)
                  000142e4    00000022     ConnService.obj (.text:_ZN13TinyGsmSim8009GsmClient7connectEPKct)
                  00014306    00000022     debug_pem4f.oem4f (.text:xdc_runtime_SysMin_output__I)
                  00014328    00000020     msp432p4xx_driverlib.lib : cs.o (.text:CS_setExternalClockSourceFrequency)
                  00014348    00000020     drivers_msp432p401x.aem4f : GPIOMSP432.oem4f (.text:GPIO_read)
                  00014368    00000020                               : PowerMSP432.oem4f (.text:Power_unregisterNotify)
                  00014388    00000020                               : RingBuf.oem4f (.text:RingBuf_peek)
                  000143a8    00000020     ConnService.obj (.text:_ZN11ConnService11modemTurnOnEv)
                  000143c8    00000020     TinyGPS++.obj (.text:_ZN11TinyGPSDate6commitEv)
                  000143e8    00000020     TinyGPS++.obj (.text:_ZN11TinyGPSTime6commitEv)
                  00014408    00000020     ConnService.obj (.text:_ZN13TinyGsmSim80011streamWriteIcJPKcEEEvT_DpT0_)
                  00014428    00000020     TinyGPS++.obj (.text:_ZN14TinyGPSDecimal6commitEv)
                  00014448    00000020     TinyGPS++.obj (.text:_ZN14TinyGPSInteger6commitEv)
                  00014468    00000020     ConnService.obj (.text:_ZN6StreamC1Ev)
                  00014488    00000020     rtsv7M4_T_le_v4SPD16_eabi.lib : u_tofd_t2.asm.obj (.text)
                  000144a8    00000020     debug_pem4f.oem4f (.text:ti_sysbios_BIOS_rtsLock__I)
                  000144c8    00000020     debug_pem4f.oem4f (.text:ti_sysbios_family_arm_m3_Hwi_Object__delete__S)
                  000144e8    00000020     debug_pem4f.oem4f (.text:ti_sysbios_gates_GateHwi_Object__delete__S)
                  00014508    00000020     debug_pem4f.oem4f (.text:ti_sysbios_heaps_HeapMem_Object__delete__S)
                  00014528    00000020     sysbios.aem4f : BIOS.obj (.text:ti_sysbios_knl_Idle_run__E)
                  00014548    00000020     debug_pem4f.oem4f (.text:ti_sysbios_knl_Semaphore_destruct)
                  00014568    00000020     debug_pem4f.oem4f (.text:ti_sysbios_knl_Task_Object__delete__S)
                  00014588    00000020     debug_pem4f.oem4f (.text:ti_uia_loggers_LoggerStopMode_Object__delete__S)
                  000145a8    00000020     sysbios.aem4f : BIOS.obj (.text:xdc_runtime_SysMin_Module_startup__E)
                  000145c8    0000001e     ConnService.obj (.text:_Z10TinyGsmMinIjERKT_S2_S2_)
                  000145e6    0000001e     ConnService.obj (.text:_Z10TinyGsmMinItERKT_S2_S2_)
                  00014604    0000001e     TinyGPS++.obj (.text:_ZN10RawDegreesC1Ev)
                  00014622    0000001e     TinyGPS++.obj (.text:_ZN11TinyGPSDateC1Ev)
                  00014640    0000001e     TinyGPS++.obj (.text:_ZN11TinyGPSTimeC1Ev)
                  0001465e    0000001e     ConnService.obj (.text:_ZN13TinyGsmSim80011streamWriteIjJPKcEEEvT_DpT0_)
                  0001467c    0000001e     TinyGPS++.obj (.text:_ZN14TinyGPSDecimalC1Ev)
                  0001469a    0000001e     TinyGPS++.obj (.text:_ZN14TinyGPSIntegerC1Ev)
                  000146b8    0000001e     EnergiaCoreMSP432.lib : Print.obj (.text:_ZN5Print5writeEPKc)
                  000146d6    0000001e     drivers_msp432p401x.aem4f : PWMTimerMSP432.oem4f (.text:corroboratePeriod)
                  000146f4    0000001e     sysbios.aem4f : m3_Hwi_asm_switch.obj (.text:ti_sysbios_family_xxx_Hwi_switchAndRunFunc)
                  00014712    00000002     --HOLE-- [fill = 0]
                  00014714    0000001c     Utils.obj (.text:_Z13utilsPrintUIDv)
                  00014730    0000001c     HttpClient.obj (.text:_ZN10HttpClient4stopEv)
                  0001474c    0000001c     ConnService.obj (.text:_ZN13TinyGsmSim80011streamWriteIPKcJS2_EEEvT_DpT0_)
                  00014768    0000001c     ConnService.obj (.text:_ZN13TinyGsmSim8009GsmClient9connectedEv)
                  00014784    0000001c     ConnService.obj (.text:_ZN13TinyGsmSim800C1ER6Stream)
                  000147a0    0000001c     ConnService.obj (.text:_ZN5PrintC1Ev)
                  000147bc    0000001c     EnergiaCoreMSP432.lib : WString.obj (.text:_ZN6String4initEv)
                  000147d8    0000001c     MainBoard.obj (.text:_ZN9MainBoard11sensorPowerEb)
                  000147f4    0000001c     rtsv7M4_T_le_v4SPD16_eabi.lib : memccpy.c.obj (.text:memccpy)
                  00014810    0000001c     sysbios.aem4f : BIOS.obj (.text:ti_sysbios_family_arm_m3_Hwi_excHandler__I)
                  0001482c    00000004     --HOLE-- [fill = 0]
                  00014830    0000001c                   : BIOS.obj (.text:ti_sysbios_gates_GateMutex_Instance_init__E)
                  0001484c    0000001c     debug_pem4f.oem4f (.text:ti_sysbios_knl_Queue_destruct)
                  00014868    0000001c     sysbios.aem4f : BIOS.obj (.text:ti_sysbios_knl_Queue_put__E)
                  00014884    00000004     --HOLE-- [fill = 0]
                  00014888    0000001c                   : BIOS.obj (.text:ti_sysbios_knl_Task_enter__I)
                  000148a4    0000001c     ti.uia.loggers.aem4f : LoggerStopMode.oem4f (.text:ti_uia_loggers_LoggerStopMode_Instance_init__E)
                  000148c0    0000001c     sysbios.aem4f : BIOS.obj (.text:xdc_runtime_Error_raiseX__E)
                  000148dc    00000004     --HOLE-- [fill = 0]
                  000148e0    0000001c                   : BIOS.obj (.text:xdc_runtime_SysMin_exit__E)
                  000148fc    0000001a     ConnService.obj (.text:_ZN13TinyGsmSim8009GsmClient5flushEv)
                  00014916    0000001a     ConnService.obj (.text:_ZN13TinyGsmSim8009GsmClient5writeEh)
                  00014930    0000001a     ConnService.obj (.text:_ZN13TinyGsmSim8009GsmClientcvbEv)
                  0001494a    0000001a     rtsv7M4_T_le_v4SPD16_eabi.lib : s_copysign.c.obj (.text:copysign)
                  00014964    0000001a     debug_pem4f.oem4f (.text:free)
                  0001497e    00000002     --HOLE-- [fill = 0]
                  00014980    0000001a     sysbios.aem4f : BIOS.obj (.text:ti_sysbios_knl_Task_sleepTimeout__I)
                  0001499a    0000001a     debug_pem4f.oem4f (.text:xdc_runtime_System_aprintf__E)
                  000149b4    0000001a     debug_pem4f.oem4f (.text:xdc_runtime_System_printf__E)
                  000149ce    00000002     --HOLE-- [fill = 0]
                  000149d0    00000019     HttpClient.obj (.text:_ZN10HttpClientC1ER6Client)
                  000149e9    00000003     --HOLE-- [fill = 0]
                  000149ec    00000018     debug_pem4f.oem4f (.text:.bootCodeSection:ti_sysbios_family_arm_msp432_init_Boot_init__I)
                  00014a04    00000018     msp432p4xx_driverlib.lib : sysctl_a.o (.text:SysCtl_A_disableNMISource)
                  00014a1c    00000018                              : sysctl_a.o (.text:SysCtl_A_enableNMISource)
                  00014a34    00000018     drivers_msp432p401x.aem4f : UART.oem4f (.text:UART_Params_init)
                  00014a4c    00000018     main.obj (.text:_Z8the_taskjj)
                  00014a64    00000018     HttpClient.obj (.text:_ZN10HttpClient13contentLengthEv)
                  00014a7c    00000018     ConnService.obj (.text:_ZN10HttpClientD1Ev)
                  00014a94    00000018     ConnService.obj (.text:_ZN11TinyGsmFifoIhLj64EE4_incEii)
                  00014aac    00000018     ConnService.obj (.text:_ZN6ClientC1Ev)
                  00014ac4    00000018     ConnService.obj (.text:_ZN9PrintableC1ERKS_)
                  00014adc    00000018     EnergiaCoreMSP432.lib : IPAddress.obj (.text:_ZN9PrintableC1Ev)
                  00014af4    00000018     HttpClient.obj (.text:_ZNK6String9substringEj)
                  00014b0c    00000018     rtsv7M4_T_le_v4SPD16_eabi.lib : args_main.c.obj (.text:_args_main)
                  00014b24    00000018                                   : sprintf.c.obj (.text:_outs)
                  00014b3c    00000018     drivers_msp432p401x.aem4f : PWMTimerMSP432.oem4f (.text:corroborateDuty)
                  00014b54    00000018     rtsv7M4_T_le_v4SPD16_eabi.lib : ll_mul_t2.asm.obj (.text)
                  00014b6c    00000018                                   : strcmp.c.obj (.text:strcmp)
                  00014b84    00000018                                   : strrchr.c.obj (.text:strrchr)
                  00014b9c    00000018     debug_pem4f.oem4f (.text:ti_sysbios_BIOS_rtsUnlock__I)
                  00014bb4    00000018     debug_pem4f.oem4f (.text:ti_sysbios_family_arm_m3_Hwi_Module__startupDone__F)
                  00014bcc    00000018     sysbios.aem4f : m3_TaskSupport_asm.obj (.text:ti_sysbios_family_arm_m3_TaskSupport_swap__E)
                  00014be4    00000018     debug_pem4f.oem4f (.text:ti_sysbios_family_arm_m3_Timer_Module__startupDone__F)
                  00014bfc    00000018     debug_pem4f.oem4f (.text:ti_sysbios_family_arm_msp432_Timer_Module__startupDone__F)
                  00014c14    00000004     --HOLE-- [fill = 0]
                  00014c18    00000018     sysbios.aem4f : BIOS.obj (.text:ti_sysbios_gates_GateMutex_leave__E)
                  00014c30    00000018     debug_pem4f.oem4f (.text:ti_sysbios_rts_ti_ReentSupport_getTlsAddr__I)
                  00014c48    00000018     sysbios.aem4f : BIOS.obj (.text:xdc_runtime_Error_init__E)
                  00014c60    00000018                   : BIOS.obj (.text:xdc_runtime_System_exit__E)
                  00014c78    00000016     HttpClient.obj (.text:_ZN10HttpClient13finishHeadersEv)
                  00014c8e    00000016     ConnService.obj (.text:_ZN10HttpClient13setServerPortEt)
                  00014ca4    00000016     HttpClient.obj (.text:_ZN10HttpClient4peekEv)
                  00014cba    00000016     HttpClient.obj (.text:_ZN10HttpClient5flushEv)
                  00014cd0    00000016     HttpClient.obj (.text:_ZN10HttpClient9connectedEv)
                  00014ce6    00000016     ConnService.obj (.text:_ZN11TinyGsmFifoIhLj64EE5clearEv)
                  00014cfc    00000016     main.obj (.text:_ZN29_INTERNAL_8_main_cpp_func_ptr31ti_sysbios_knl_Task_Params_initEP26ti_sysbios_knl_Task_Params)
                  00014d12    00000016     ConnService.obj (.text:_ZN6StringpLEc)
                  00014d28    00000016     ConnService.obj (.text:_ZN6StringpLEh)
                  00014d3e    00000016     MainBoard.obj (.text:_ZN9MainBoard12getGSMStatusEv)
                  00014d54    00000016     rtsv7M4_T_le_v4SPD16_eabi.lib : strchr.c.obj (.text:strchr)
                  00014d6a    00000016     debug_pem4f.oem4f (.text:ti_sysbios_BIOS_exitFunc__I)
                  00014d80    00000016     ti.uia.loggers.aem4f : LoggerStopMode.oem4f (.text:ti_uia_loggers_LoggerStopMode_disable__E)
                  00014d96    00000016                          : LoggerStopMode.oem4f (.text:ti_uia_loggers_LoggerStopMode_enable__E)
                  00014dac    00000014     msp432p4xx_driverlib.lib : pcm.o (.text:PCM_getPowerState)
                  00014dc0    00000014     drivers_msp432p401x.aem4f : PWM.oem4f (.text:PWM_Params_init)
                  00014dd4    00000014                               : PowerMSP432.oem4f (.text:Power_idleFunc)
                  00014de8    00000014     HttpClient.obj (.text:_Z18isHexadecimalDigiti)
                  00014dfc    00000014     HttpClient.obj (.text:_Z7isSpacei)
                  00014e10    00000014     HttpClient.obj (.text:_ZN10HttpClientcvbEv)
                  00014e24    00000014     ConnService.obj (.text:_ZN11ConnService9keepAliveEv)
                  00014e38    00000014     SerialTransfer.obj (.text:_ZN14SerialTransfer5beginER6Stream)
                  00014e4c    00000014     Airio.obj (.text:_ZN14TinyGPSDecimal5valueEv)
                  00014e60    00000014     ConnService.obj (.text:_ZN6Client10sslConnectE9IPAddresst)
                  00014e74    00000014     ConnService.obj (.text:_ZN6Client10sslConnectEPKct)
                  00014e88    00000014     ConnService.obj (.text:_ZN9IPAddressixEi)
                  00014e9c    00000014     drivers_msp432p401x.aem4f : UARTMSP432.oem4f (.text:clearTXCPTIFG)
                  00014eb0    00000014     rtsv7M4_T_le_v4SPD16_eabi.lib : strcpy.c.obj (.text:strcpy)
                  00014ec4    00000014                                   : strlen.c.obj (.text:strlen)
                  00014ed8    00000014     debug_pem4f.oem4f (.text:ti_sysbios_family_arm_m3_Hwi_Object__get__S)
                  00014eec    00000004     --HOLE-- [fill = 0]
                  00014ef0    00000014     sysbios.aem4f : BIOS.obj (.text:ti_sysbios_family_arm_m3_Hwi_switchFromBootStack__E)
                  00014f04    00000014     debug_pem4f.oem4f (.text:ti_sysbios_heaps_HeapMem_Object__get__S)
                  00014f18    00000014     sysbios.aem4f : BIOS.obj (.text:ti_sysbios_knl_Clock_tick__E)
                  00014f2c    00000014     debug_pem4f.oem4f (.text:ti_sysbios_knl_Swi_Object__get__S)
                  00014f40    00000012     drivers_msp432p401x.aem4f : RingBuf.oem4f (.text:RingBuf_construct)
                  00014f52    00000012     dpl_msp432p401x.aem4f : SemaphoreP_tirtos.oem4f (.text:SemaphoreP_pend)
                  00014f64    00000012     ConnService.obj (.text:_ZN10HttpClient13setServerNameEPKc)
                  00014f76    00000012     HttpClient.obj (.text:_ZN10HttpClient22setHttpResponseTimeoutEj)
                  00014f88    00000012     TinyGPS++.obj (.text:_ZN11TinyGPSDate7setDateEPKc)
                  00014f9a    00000012     TinyGPS++.obj (.text:_ZN11TinyGPSTime7setTimeEPKc)
                  00014fac    00000012     TinyGPS++.obj (.text:_ZN13TinyGPSCustom3setEPKc)
                  00014fbe    00000012     ConnService.obj (.text:_ZN13TinyGsmSim80011streamWriteIPKcEEvT_)
                  00014fd0    00000012     TinyGPS++.obj (.text:_ZN14TinyGPSDecimal3setEPKc)
                  00014fe2    00000012     TinyGPS++.obj (.text:_ZN14TinyGPSInteger3setEPKc)
                  00014ff4    00000012     ConnService.obj (.text:_ZN15StringSumHelperC1ERK6String)
                  00015006    00000012     TinyGPS++.obj (.text:_ZN15TinyGPSLocation11setLatitudeEPKc)
                  00015018    00000012     TinyGPS++.obj (.text:_ZN15TinyGPSLocation12setLongitudeEPKc)
                  0001502a    00000012     ConnService.obj (.text:_ZN6StringpLEPKc)
                  0001503c    00000012     ConnService.obj (.text:_ZN6StringpLERKS_)
                  0001504e    00000012     HttpClient.obj (.text:_ZN6StringpLEi)
                  00015060    00000012     sysbios.aem4f : BIOS.obj (.text:ti_sysbios_hal_Hwi_Module_startup__E)
                  00015072    00000012     rtsv7M4_T_le_v4SPD16_eabi.lib : wcslen.c.obj (.text:wcslen)
                  00015084    00000012     debug_pem4f.oem4f (.text:xdc_runtime_Startup_exec__I)
                  00015096    00000002     --HOLE-- [fill = 0]
                  00015098    00000010     msp432p4xx_driverlib.lib : adc14.o (.text:ADCIsConversionRunning)
                  000150a8    00000010     dpl_msp432p401x.aem4f : HwiP_tirtos.oem4f (.text:HwiP_Params_init)
                  000150b8    00000010     msp432p4xx_driverlib.lib : pcm.o (.text:PCM_gotoLPM4)
                  000150c8    00000010                              : pcm.o (.text:PCM_setPowerMode)
                  000150d8    00000010                              : pcm.o (.text:PCM_setPowerState)
                  000150e8    00000010     drivers_msp432p401x.aem4f : PowerMSP432.oem4f (.text:PowerMSP432_getNumPerfLevels)
                  000150f8    00000010     msp432p4xx_driverlib.lib : sysctl_a.o (.text:SysCtl_A_getNMISourceStatus)
                  00015108    00000010                              : sysctl.o (.text:SysCtl_getNMISourceStatus)
                  00015118    00000010     drivers_msp432p401x.aem4f : WatchdogMSP432.oem4f (.text:WatchdogMSP432_clear)
                  00015128    00000010     ConnService.obj (.text:_ZN11ConnServiceD1Ev)
                  00015138    00000010     ConnService.obj (.text:_ZN9PrintableC2ERKS_)
                  00015148    00000010     rtsv7M4_T_le_v4SPD16_eabi.lib : isdigit.c.obj (.text:isdigit)
                  00015158    00000010                                   : isspace.c.obj (.text:isspace)
                  00015168    00000010                                   : isxdigit.c.obj (.text:isxdigit)
                  00015178    00000010     drivers_msp432p401x.aem4f : UARTMSP432.oem4f (.text:readBlockingTimeout)
                  00015188    00000010     sysbios.aem4f : BIOS.obj (.text:ti_sysbios_BIOS_getCpuFreq__E)
                  00015198    00000010                   : BIOS.obj (.text:ti_sysbios_BIOS_setCpuFreq__E)
                  000151a8    00000010                   : BIOS.obj (.text:ti_sysbios_BIOS_setThreadType__E)
                  000151b8    00000010                   : BIOS.obj (.text:ti_sysbios_BIOS_start__E)
                  000151c8    00000010                   : m3_TaskSupport_asm.obj (.text:ti_sysbios_family_arm_m3_TaskSupport_glue)
                  000151d8    00000010                   : BIOS.obj (.text:ti_sysbios_family_arm_msp432_init_Boot_disableWatchdog)
                  000151e8    00000010                   : BIOS.obj (.text:ti_sysbios_gates_GateMutex_Instance_finalize__E)
                  000151f8    00000010     debug_pem4f.oem4f (.text:ti_sysbios_knl_Mailbox_Object__get__S)
                  00015208    00000010     sysbios.aem4f : BIOS.obj (.text:ti_sysbios_knl_Semaphore_Instance_finalize__E)
[...]
20000000  __stop___llvm_prf_cnts                                                                                                                                
20000000  ti_sysbios_family_arm_m3_Hwi_ramVectors                                                                                                               
20000140  __primary_heap_start__                                                                                                                                
20008140  __primary_heap_end__                                                                                                                                  
20008180  uartMSP432RingBuffer1                                                                                                                                 
20008980  ti_uia_loggers_LoggerStopMode_Instance_State_2_packetArray__A                                                                                         
20008d80  xdc_runtime_SysMin_Module_State_0_outbuf__A                                                                                                           
20009180  myTransfer                                                                                                                                            
20009398  ti_sysbios_knl_Task_Instance_State_0_stack__A                                                                                                         
20009600  ti_uia_loggers_LoggerStopMode_Instance_State_1_packetArray__A                                                                                         
20009800  uartMSP432Objects                                                                                                                                     
20009a00  Serial1                                                                                                                                               
20009b64  Serial2                                                                                                                                               
20009cc8  Serial3                                                                                                                                               
20009e2c  Serial                                                                                                                                                
20009f90  ti_sysbios_family_arm_m3_Hwi_dispatchTable                                                                                                            
2000a0d0  __CIOBUF_                                                                                                                                             
2000a200  ti_uia_loggers_LoggerStopMode_Instance_State_0_packetArray__A                                                                                         
2000a300  gps                                                                                                                                                   
2000a3d8  pwmTimerMSP432Objects                                                                                                                                 
2000a468  uartMSP432RingBuffer0                                                                                                                                 
2000a4e8  uartMSP432RingBuffer2                                                                                                                                 
2000a568  uartMSP432RingBuffer3                                                                                                                                 
2000a5e8  connection                                                                                                                                            
2000a714  adcMSP432Objects                                                                                                                                      
2000a75c  watchdogMSP432Objects                                                                                                                                 
2000a768  INADDR_NONE                                                                                                                                           
2000a778  parmbuf                                                                                                                                               
2000a780  ti_uia_loggers_LoggerStopMode_Instance_State_0_hdr__A                                                                                                 
2000a7b0  ClockP_tickPeriod                                                                                                                                     
2000a7b4  __dso_handle                                                                                                                                          
2000a7b8  ti_sysbios_knl_Task_Instance_State_0_hookEnv__A                                                                                                       
2000a800  ti_uia_loggers_LoggerStopMode_Instance_State_1_hdr__A                                                                                                 
2000a880  ti_uia_loggers_LoggerStopMode_Instance_State_2_hdr__A                                                                                                 
2000a8b0  adcMSP432HWAttrs                                                                                                                                      
2000aa30  gpioCallbackFunctions                                                                                                                                 
2000ab78  gpioPinConfigs                                                                                                                                        
2000acc0  PowerMSP432_perfLevels                                                                                                                                
2000af10  ti_uia_loggers_LoggerStopMode_Object__table__V                                                                                                        
2000afac  ti_sysbios_utils_Load_Module__state__V                                                                                                                
2000b0cc  ti_sysbios_knl_Swi_Module_State_0_readyQ__A                                                                                                           
2000b14c  ti_sysbios_knl_Task_Module_State_0_readyQ__A                                                                                                          
2000b1cc  pwmTimerMSP432HWAttrs                                                                                                                                 
2000b22c  ti_sysbios_gates_GateMutex_Object__table__V                                                                                                           
2000b280  digital_pin_to_pin_function                                                                                                                           
2000b2d2  digital_pin_to_pwm_index                                                                                                                              
2000b324  ti_sysbios_knl_Task_Object__table__V                                                                                                                  
2000b370  ti_sysbios_family_arm_msp432_Timer_Object__table__V                                                                                                   
2000b3b4  ti_sysbios_knl_Task_Module__state__V                                                                                                                  
2000b3f8  ti_sysbios_family_arm_m3_Hwi_Module__state__V                                                                                                         
2000b42c  ti_sysbios_family_arm_m3_Hwi_Object__table__V                                                                                                         
2000b45c  ti_sysbios_family_arm_m3_Timer_Object__table__V                                                                                                       
2000b48c  ti_sysbios_knl_Swi_Object__table__V                                                                                                                   
2000b4bc  PowerMSP432_module                                                                                                                                    
2000b4e8  ti_sysbios_knl_Clock_Module__state__V                                                                                                                 
2000b514  ti_sysbios_BIOS_Module__state__V                                                                                                                      
2000b538  mapped_pwm_pin_ccrs                                                                                                                                   
2000b558  ti_sysbios_family_arm_msp432_Timer_Module_State_0_device__A                                                                                           
2000b578  ti_sysbios_heaps_HeapTrack_Object__table__V                                                                                                           
2000b598  xdc_runtime_Error_IgnoreBlock                                                                                                                         
2000b5b8  ti_sysbios_knl_Swi_Module__state__V                                                                                                                   
2000b5d4  ti_sysbios_heaps_HeapMem_Object__table__V                                                                                                             
2000b5ec  used_pwm_port_pins                                                                                                                                    
2000b604  _tz                                                                                                                                                   
2000b614  fixed_map_pwm_pins                                                                                                                                    
2000b624  ti_sysbios_family_arm_msp432_Timer_Module_State_0_handles__A                                                                                          
2000b634  __TI_cleanup_ptr                                                                                                                                      
2000b638  __TI_dtors_ptr                                                                                                                                        
2000b63c  __TI_enable_exit_profile_output                                                                                                                       
2000b640  _ZN10HttpClient10kUserAgentE                                                                                                                          
2000b644  _ZN10HttpClient20kContentLengthPrefixE                                                                                                                
2000b648  _ZN10HttpClient24kTransferEncodingChunkedE                                                                                                            
2000b64c  ti_sysbios_family_arm_m3_Timer_Module__state__V                                                                                                       
2000b658  ti_sysbios_family_arm_msp432_ClockFreqs_Module__state__V                                                                                              
2000b664  ti_sysbios_family_arm_msp432_Timer_Module__state__V                                                                                                   
2000b670  ti_sysbios_knl_Task_Module__root__V                                                                                                                   
2000b67c  ti_uia_runtime_QueueDescriptor_Module__state__V                                                                                                       
2000b688  xdc_runtime_SysMin_Module__state__V                                                                                                                   
2000b694  toneTimerId                                                                                                                                           
2000b698  servoTimerId                                                                                                                                          
2000b69c  analogReadShift                                                                                                                                       
2000b6a0  _lock                                                                                                                                                 
2000b6a4  _unlock                                                                                                                                               
2000b6b8  func_ptr                                                                                                                                              
2000b6c0  ti_uia_runtime_QueueDescriptor_gPtrToFirstDescriptor                                                                                                  
2000b6c4  ti_uia_runtime_QueueDescriptor_gUpdateCount                                                                                                           
2000b6c8  ti_sysbios_family_arm_m3_Hwi_Module__root__V                                                                                                          
2000b6d0  ti_sysbios_gates_GateHwi_Module__root__V                                                                                                              
2000b6d8  ti_sysbios_gates_GateMutex_Module__root__V                                                                                                            
2000b6e0  ti_sysbios_heaps_HeapMem_Module__root__V                                                                                                              
2000b6e8  ti_sysbios_heaps_HeapTrack_Module__root__V                                                                                                            
2000b6f0  ti_sysbios_knl_Clock_Module__root__V                                                                                                                  
2000b6f8  ti_sysbios_knl_Queue_Module__root__V                                                                                                                  
2000b700  ti_sysbios_knl_Semaphore_Module__root__V                                                                                                              
2000b708  ti_uia_loggers_LoggerStopMode_Module__root__V                                                                                                         
2000b710  xdc_runtime_Registry_Module__state__V                                                                                                                 
2000b718  xdc_runtime_Startup_Module__state__V                                                                                                                  
2000b720  xdc_runtime_System_Module_State_0_atexitHandlers__A                                                                                                   
2000b728  xdc_runtime_System_Module__state__V                                                                                                                   
2000b730  board                                                                                                                                                 
2000b738  main_func_sp                                                                                                                                          
2000b73c  taskNames                                                                                                                                             
2000b740  ti_sysbios_family_arm_m3_Hwi_Module_State_0_excContext__A                                                                                             
2000b744  ti_sysbios_family_arm_m3_Hwi_Module_State_0_excStack__A                                                                                               
2000b748  ti_sysbios_family_arm_m3_TimestampProvider_Module__state__V                                                                                           
2000b74c  ti_sysbios_gates_GateHwi_Object__table__V                                                                                                             
2000b750  ti_sysbios_knl_Task_Module_State_0_idleTask__A                                                                                                        
2000b754  ti_sysbios_rts_ti_ReentSupport_Module__state__V                                                                                                       
2000b758  ti_sysbios_utils_Load_Module_State_0_runningTask__A                                                                                                   
2000b75c  ti_sysbios_utils_Load_Module_State_0_taskStartTime__A                                                                                                 
2000b760  timer_ccrs_in_use                                                                                                                                     
2000b764  xdc_runtime_Memory_Module__state__V                                                                                                                   
2000b768  ti_sysbios_family_arm_m3_Hwi_Module_State_0_excActive__A                                                                                              
2000b76a  xdc_runtime_Error_Module__state__V                                                                                                                    
2000fc00  __stack                                                                                                                                               
20010000  __STACK_END                                                                                                                                           
4000480c  WDTCTL_SYM                                                                                                                                            
e000e000  ti_sysbios_family_arm_m3_Hwi_nvic                                                                                                                     
ffffffff  __TI_pprof_out_hndl                                                                                                                                   
ffffffff  __TI_prof_data_size                                                                                                                                   
ffffffff  __TI_prof_data_start                                                                                                                                  
ffffffff  __binit__                                                                                                                                             
ffffffff  __c_args__                                                                                                                                            
ffffffff  binit                                                                                                                                                 

[1546 symbols]
